// Jest Snapshot v1, https://goo.gl/fbAQLP

exports[`<OrganizationPortal /> should match the snapshot 1`] = `"<div class=\\"App\\"><nav id=\\"custom-navbar\\" class=\\"navbar navbar-expand-md navbar-light\\"><a href=\\"http://localhost\\" id=\\"navbar-brand\\" class=\\"navbar-brand\\">covaid</a><form class=\\"volunteer-badge-mobile form-inline\\"><button aria-controls=\\"basic-navbar-nav\\" id=\\"nav1\\" type=\\"button\\" aria-label=\\"Toggle navigation\\" class=\\"navbar-toggler collapsed\\"><span class=\\"navbar-toggler-icon\\"></span></button></form><div class=\\"navbar-collapse collapse\\" id=\\"basic-navbar-nav\\"><div class=\\"mr-auto navbar-nav\\"><a href=\\"#\\" class=\\"navbar-element nav-link\\" role=\\"button\\"><p id=\\"navLink\\">About us</p></a><a href=\\"http://localhost/organizationPortal\\" data-rb-event-key=\\"http://localhost/organizationPortal\\" class=\\"navbar-border-element nav-link\\"><p id=\\"navLinkBorder\\">Organizations</p></a><a href=\\"#\\" class=\\"navbar-element nav-link\\" role=\\"button\\"><p id=\\"navLink\\">FAQs</p></a><a href=\\"#\\" class=\\"navbar-element nav-link\\" role=\\"button\\"><p id=\\"navLink\\">Donate</p></a><a href=\\"#\\" class=\\"volunteer-badge-web nav-link\\" role=\\"button\\"></a></div></div></nav><div style=\\"max-width: 1500px;\\" class=\\"container\\"><div class=\\"row\\"><div id=\\"login-container\\" class=\\"col-md-6\\"><h1 id=\\"home-heading\\">Covaid for Organizations</h1><p id=\\"home-subheading\\" style=\\"font-size: 16px;\\">Manage and delegate your volunteers efficiently through our all-in-one platform.</p><form class=\\"\\"><div class=\\"row\\"><div class=\\"col-12\\"><div bssize=\\"large\\" style=\\"margin-bottom: 5px;\\" class=\\"form-group\\"><input placeholder=\\"Email\\" type=\\"email\\" id=\\"emailOrg\\" class=\\"form-control\\" value=\\"\\"></div></div><div class=\\"col-12\\"><div bssize=\\"large\\" class=\\"form-group\\"><input placeholder=\\"Password\\" type=\\"password\\" id=\\"passOrg\\" class=\\"form-control\\" value=\\"\\"></div></div></div><button style=\\"margin-top: 10px; width: 150px;\\" id=\\"large-button\\" disabled=\\"\\" type=\\"submit\\" class=\\"btn btn-primary\\">Sign In</button><p id=\\"regular-text\\" style=\\"margin-top: 15px; color: rgb(38, 112, 255);\\">Manage a mutual aid initiative?<button id=\\"regular-text\\" style=\\"color: rgb(38, 112, 255); padding: 0px; text-decoration: underline; margin-top: -2px; margin-left: 5px;\\" type=\\"button\\" class=\\"btn btn-link\\">Get Started</button></p></form></div><div style=\\"margin-top: 50px;\\" class=\\"col-md-6\\"><img id=\\"org-img\\" alt=\\"\\" src=\\"orgNew.png\\"></div></div><div id=\\"orgpage-separator\\" class=\\"row\\"><div class=\\"col-12\\"><p id=\\"requestCall\\" style=\\"margin-top: 30px; margin-bottom: 0px;\\">&nbsp;</p></div></div><div style=\\"margin-top: 80px; margin-bottom: 100px; padding-left: 10%; padding-right: 10%;\\" class=\\"row\\"><div id=\\"org-feature-container\\" class=\\"col-12\\"><h1 id=\\"home-sub-heading\\">Our Current Partners</h1></div><div id=\\"partner\\" class=\\"col-md-4\\"><div class=\\"inner-partner\\" style=\\"background-image: url(pitt.png); background-size: cover; background-position: center;\\"><h1 id=\\"partner-heading\\">Pittsburgh Mutual Aid</h1></div></div><div id=\\"partner\\" class=\\"col-md-4\\"><div class=\\"inner-partner\\" style=\\"background-image: url(bmore.png); background-size: cover; background-position: center;\\"><h1 id=\\"partner-heading\\">Baltimore Mutual Aid</h1></div></div><div id=\\"partner\\" class=\\"col-md-4\\"><div class=\\"inner-partner\\" style=\\"background-image: url(char.png); background-size: cover; background-position: center;\\"><h1 id=\\"partner-heading\\">Greater Charlotte Area Mutual Aid</h1></div></div><div id=\\"partner\\" class=\\"col-md-4\\"><div class=\\"inner-partner\\" style=\\"background-image: url(delaware.png); background-size: cover; background-position: center;\\"><h1 id=\\"partner-heading\\">Delaware Mutual Aid</h1></div></div><div id=\\"partner\\" class=\\"col-md-4\\"><div class=\\"inner-partner\\" style=\\"background-image: url(ccom.png); background-size: cover; background-position: center;\\"><h1 id=\\"partner-heading\\">CCOM COVID-19 Task Force</h1></div></div><div id=\\"partner\\" class=\\"col-md-4\\"><div class=\\"inner-partner\\"><h1 id=\\"partner-heading\\">Indy Neighbor Response Team</h1></div></div></div><div style=\\"margin-top: 15px;\\" class=\\"row\\"><div id=\\"requests-feature-mobile\\" class=\\"col-md-6\\"><h1 id=\\"home-sub-heading\\">Track Requests</h1><p id=\\"home-subheading\\" style=\\"font-size: 16px; padding-right: 0px; margin-bottom: 0px;\\">Optimize your workflow with the Covaid request tracker, an automated system for managing resource requests coming to your organization.</p></div><div id=\\"requests-feature-container\\" style=\\"text-align: center;\\" class=\\"col-md-6\\"><img id=\\"request-img\\" alt=\\"\\" src=\\"requests.png\\"></div><div id=\\"feature-container\\" class=\\"col-md-6\\"><h1 id=\\"home-sub-heading\\">Track Requests</h1><p id=\\"home-subheading\\" style=\\"font-size: 16px;\\">Optimize your workflow with the Covaid Request Tracker, an automated system for managing resource requests coming to your organization.</p></div></div><div style=\\"margin-top: 45px;\\" class=\\"row\\"><div id=\\"location-feature-container\\" class=\\"col-md-6\\"><h1 id=\\"home-sub-heading\\">Location Tracker</h1><p id=\\"home-subheading\\" style=\\"font-size: 16px; padding-right: 0px; margin-bottom: 0px;\\">Delegate requests by location and better understand your volunteer base. The map integration also allows organization leaders to view the general location of in-progress and completed requests.</p></div><div id=\\"map-feature-container\\" class=\\"col-md-6\\"><img id=\\"request-img\\" alt=\\"\\" src=\\"mapscreen.png\\"></div></div><div style=\\"margin-top: 45px;\\" class=\\"row\\"><div id=\\"requests-feature-mobile\\" class=\\"col-md-6\\"><h1 id=\\"home-sub-heading\\">Match Volunteers</h1><p id=\\"home-subheading\\" style=\\"font-size: 16px; padding-right: 0px; margin-bottom: 0px;\\">Easily match and notify volunteers in your organization to requests based on the recommended volunteers we offer.</p></div><div id=\\"requests-feature-container\\" style=\\"text-align: center;\\" class=\\"col-md-6\\"><img id=\\"request-img\\" alt=\\"\\" src=\\"topmatches.png\\"></div><div id=\\"feature-container\\" class=\\"col-md-6\\"><h1 id=\\"home-sub-heading\\" style=\\"margin-top: 140px;\\">Match Volunteers</h1><p id=\\"home-subheading\\" style=\\"font-size: 16px;\\">Easily match and notify volunteers in your organization to requests based on the recommended volunteers we offer.</p></div></div><div style=\\"margin-top: 80px; margin-bottom: 100px;\\" class=\\"row\\"><div id=\\"org-feature-container\\" class=\\"col-12\\"><h1 id=\\"home-sub-heading\\">Take your next step</h1><p id=\\"home-subheading\\" style=\\"font-size: 20px; padding-right: 0px; margin-bottom: 0px;\\">Weâ€™re excited to work with you and help grow your efforts!</p><button style=\\"margin-top: 10px; width: 250px;\\" id=\\"large-button\\" type=\\"button\\" class=\\"btn btn-primary\\">Get Started</button></div></div></div><footer class=\\"footer\\"><div class=\\"container\\"><div style=\\"text-align: left; padding-bottom: 30px;\\" class=\\"row\\"><div style=\\"padding: 20px 0px 20px 20px;\\" class=\\"col-2\\"><nav style=\\"padding-left: 0px; padding-bottom: 0px;\\" class=\\"navbar navbar-expand navbar-light\\"><span id=\\"navbar-brand\\" style=\\"padding-left: 0px; color: rgb(123, 123, 123); margin-left: 0px;\\" class=\\"navbar-brand\\">covaid</span></nav><button id=\\"regular-text\\" style=\\"color: rgb(38, 112, 255); padding: 0px;\\" type=\\"button\\" class=\\"btn btn-link\\">FAQ</button><br><button id=\\"regular-text\\" style=\\"color: rgb(38, 112, 255); padding: 0px; margin-top: -8px;\\" type=\\"button\\" class=\\"btn btn-link\\">Updates</button><br><button id=\\"regular-text\\" style=\\"color: rgb(38, 112, 255); padding: 0px; margin-top: -8px;\\" type=\\"button\\" class=\\"btn btn-link\\">Send feedback</button></div><div style=\\"padding: 80px 0px 20px 0px;\\" class=\\"col-2\\"><a id=\\"regular-text\\" style=\\"color: rgb(38, 112, 255);\\" target=\\"_blank\\" rel=\\"noopener noreferrer\\" href=\\"https://github.com/Covaid-co/covaid-web\\">Github</a><br><a id=\\"regular-text\\" style=\\"color: rgb(38, 112, 255);\\" target=\\"_blank\\" rel=\\"noopener noreferrer\\" href=\\"https://www.facebook.com/covaidco\\">Facebook</a><br><a id=\\"regular-text\\" style=\\"color: rgb(38, 112, 255);\\" target=\\"_blank\\" rel=\\"noopener noreferrer\\" href=\\"https://www.instagram.com/covaidmutualaid/\\">Instagram</a><br></div><div style=\\"padding: 37px 20px 20px 100px;\\" class=\\"col-4\\"><p id=\\"regular-text\\" style=\\"color: rgb(123, 123, 123); font-weight: bold;\\">Current Partners</p><a id=\\"regular-text\\" style=\\"margin-bottom: 0px;\\" href=\\"https://www.facebook.com/bmoremutualaid/\\" target=\\"_blank\\" rel=\\"noopener noreferrer\\">Baltimore Mutual Aid</a><br><a id=\\"regular-text\\" style=\\"margin-bottom: 0px;\\" href=\\"https://www.pittsburghmutualaid.com/\\" target=\\"_blank\\" rel=\\"noopener noreferrer\\">Pittsburgh Mutual Aid</a><br><a id=\\"regular-text\\" style=\\"margin-bottom: 0px;\\" href=\\"https://www.covid-gca.org/\\" target=\\"_blank\\" rel=\\"noopener noreferrer\\">Greater Charlotte Area Mutual Aid</a><br></div><div style=\\"padding: 78px 20px 20px 20px;\\" class=\\"col-4\\"><a id=\\"regular-text\\" style=\\"margin-bottom: 0px;\\" href=\\"https://www.facebook.com/groups/200572921276575/\\" target=\\"_blank\\" rel=\\"noopener noreferrer\\">Delaware Mutual Aid</a><br><a id=\\"regular-text\\" style=\\"margin-bottom: 0px;\\" href=\\"https://ccomcovid.wixsite.com/covid\\" target=\\"_blank\\" rel=\\"noopener noreferrer\\">CCOM COVID-19 Task Force</a><br><p id=\\"regular-text\\" style=\\"margin-bottom: 0px;\\">Indy COVID-19 Neighbor Response Team</p></div></div></div></footer></div><div class=\\"react-toast-notifications__container css-mrh2d-ToastContainer\\" aria-hidden=\\"true\\"></div>"`;
